{
  "ID": "30bb083a-ae95-43b9-8ed5-051693d018af",
  "Cost": 2
}