{
    "Date": "2019-01-01T00:00:00.000Z",
    "Sent": 400,
    "Delivered": 100,
    "Failed": 50,
    "Pending": 250,
    "Received": 420
}